ARM Linker, 5.02 [Build 28] [MDK-ARM Lite]

==============================================================================

Section Cross References

    startup_stm32f10x_md.o(STACK) refers (Special) to heapauxi.o(.text) for __use_two_region_memory
    startup_stm32f10x_md.o(HEAP) refers (Special) to heapauxi.o(.text) for __use_two_region_memory
    startup_stm32f10x_md.o(RESET) refers (Special) to heapauxi.o(.text) for __use_two_region_memory
    startup_stm32f10x_md.o(RESET) refers to startup_stm32f10x_md.o(STACK) for __initial_sp
    startup_stm32f10x_md.o(RESET) refers to startup_stm32f10x_md.o(.text) for Reset_Handler
    startup_stm32f10x_md.o(RESET) refers to stm32f10x_it.o(.text) for NMI_Handler
    startup_stm32f10x_md.o(RESET) refers to usart.o(.text) for USART1_IRQHandler
    startup_stm32f10x_md.o(.text) refers (Special) to heapauxi.o(.text) for __use_two_region_memory
    startup_stm32f10x_md.o(.text) refers to system_stm32f10x.o(.text) for SystemInit
    startup_stm32f10x_md.o(.text) refers to __main.o(!!!main) for __main
    startup_stm32f10x_md.o(.text) refers to startup_stm32f10x_md.o(HEAP) for Heap_Mem
    startup_stm32f10x_md.o(.text) refers to startup_stm32f10x_md.o(STACK) for Stack_Mem
    stm32f10x_adc.o(.text) refers to stm32f10x_rcc.o(.text) for RCC_APB2PeriphResetCmd
    stm32f10x_bkp.o(.text) refers to stm32f10x_rcc.o(.text) for RCC_BackupResetCmd
    stm32f10x_can.o(.text) refers to stm32f10x_rcc.o(.text) for RCC_APB1PeriphResetCmd
    stm32f10x_cec.o(.text) refers to stm32f10x_rcc.o(.text) for RCC_APB1PeriphResetCmd
    stm32f10x_dac.o(.text) refers to stm32f10x_rcc.o(.text) for RCC_APB1PeriphResetCmd
    stm32f10x_gpio.o(.text) refers to stm32f10x_rcc.o(.text) for RCC_APB2PeriphResetCmd
    stm32f10x_i2c.o(.text) refers to stm32f10x_rcc.o(.text) for RCC_APB1PeriphResetCmd
    stm32f10x_pwr.o(.text) refers to stm32f10x_rcc.o(.text) for RCC_APB1PeriphResetCmd
    stm32f10x_rcc.o(.text) refers to stm32f10x_rcc.o(.data) for APBAHBPrescTable
    stm32f10x_spi.o(.text) refers to stm32f10x_rcc.o(.text) for RCC_APB2PeriphResetCmd
    stm32f10x_tim.o(.text) refers to stm32f10x_rcc.o(.text) for RCC_APB2PeriphResetCmd
    stm32f10x_usart.o(.text) refers to stm32f10x_rcc.o(.text) for RCC_APB2PeriphResetCmd
    stm32f10x_wwdg.o(.text) refers to stm32f10x_rcc.o(.text) for RCC_APB1PeriphResetCmd
    servor.o(.text) refers to stm32f10x_rcc.o(.text) for RCC_APB2PeriphClockCmd
    servor.o(.text) refers to stm32f10x_gpio.o(.text) for GPIO_PinRemapConfig
    servor.o(.text) refers to servor.o(.data) for count1
    servor.o(.text) refers to main.o(.data) for CPWM
    timer.o(.text) refers to misc.o(.text) for NVIC_PriorityGroupConfig
    timer.o(.text) refers to stm32f10x_rcc.o(.text) for RCC_APB1PeriphClockCmd
    timer.o(.text) refers to stm32f10x_tim.o(.text) for TIM_DeInit
    ps2.o(.text) refers to stm32f10x_rcc.o(.text) for RCC_APB2PeriphClockCmd
    ps2.o(.text) refers to stm32f10x_gpio.o(.text) for GPIO_Init
    ps2.o(.text) refers to delay.o(.text) for Delay_us
    ps2.o(.text) refers to ps2.o(.bss) for Data
    ps2.o(.text) refers to ps2.o(.data) for Comd
    led.o(.text) refers to stm32f10x_rcc.o(.text) for RCC_APB2PeriphClockCmd
    led.o(.text) refers to stm32f10x_gpio.o(.text) for GPIO_Init
    led.o(.text) refers to delay.o(.text) for Delay_ms
    key.o(.text) refers to stm32f10x_rcc.o(.text) for RCC_APB2PeriphClockCmd
    key.o(.text) refers to stm32f10x_gpio.o(.text) for GPIO_Init
    key.o(.text) refers to delay.o(.text) for Delay_ms
    spi.o(.text) refers to stm32f10x_spi.o(.text) for SPI_I2S_GetFlagStatus
    spi.o(.text) refers to stm32f10x_rcc.o(.text) for RCC_APB2PeriphClockCmd
    spi.o(.text) refers to stm32f10x_gpio.o(.text) for GPIO_Init
    spi.o(.text) refers to spi.o(.bss) for SPI_InitStructure
    flash.o(.text) refers to spi.o(.text) for SPI1_ReadWriteByte
    flash.o(.text) refers to stm32f10x_rcc.o(.text) for RCC_APB2PeriphClockCmd
    flash.o(.text) refers to stm32f10x_gpio.o(.text) for GPIO_Init
    flash.o(.text) refers to delay.o(.text) for Delay_us
    flash.o(.text) refers to flash.o(.data) for SPI_FLASH_TYPE
    flash.o(.text) refers to flash.o(.bss) for SPI_FLASH_BUF
    common.o(.text) refers to rt_memclr_w.o(.text) for __aeabi_memclr4
    oneline.o(.text) refers to flash.o(.text) for SpiFlashEraseSector
    oneline.o(.text) refers to strchr.o(.text) for strchr
    oneline.o(.text) refers to strstr.o(.text) for strstr
    oneline.o(.text) refers to rt_memclr.o(.text) for __aeabi_memclr
    oneline.o(.text) refers to usart.o(.text) for UART_PutStr
    oneline.o(.text) refers to atoi.o(.text) for atoi
    oneline.o(.text) refers to main.o(.text) for ReadMoterInfor
    oneline.o(.text) refers to rt_memclr_w.o(.text) for __aeabi_memclr4
    oneline.o(.text) refers to main.o(.data) for flag_download
    oneline.o(.text) refers to main.o(.bss) for motor_one_cmd
    oneline.o(.text) refers to oneline.o(.data) for pwm_num
[...]
    .ARM.Collect$$libshutdown$$00000009      0x080001c2   Section        0  libshutdown2.o(.ARM.Collect$$libshutdown$$00000009)
    .ARM.Collect$$libshutdown$$0000000B      0x080001c2   Section        0  libshutdown2.o(.ARM.Collect$$libshutdown$$0000000B)
    .ARM.Collect$$libshutdown$$0000000E      0x080001c2   Section        0  libshutdown2.o(.ARM.Collect$$libshutdown$$0000000E)
    .ARM.Collect$$libshutdown$$0000000F      0x080001c2   Section        2  libshutdown2.o(.ARM.Collect$$libshutdown$$0000000F)
    .ARM.Collect$$rtentry$$00000000          0x080001c4   Section        0  rtentry.o(.ARM.Collect$$rtentry$$00000000)
    .ARM.Collect$$rtentry$$00000002          0x080001c4   Section        0  rtentry2.o(.ARM.Collect$$rtentry$$00000002)
    .ARM.Collect$$rtentry$$00000004          0x080001c4   Section        6  rtentry4.o(.ARM.Collect$$rtentry$$00000004)
    .ARM.Collect$$rtentry$$00000009          0x080001ca   Section        0  rtentry2.o(.ARM.Collect$$rtentry$$00000009)
    .ARM.Collect$$rtentry$$0000000A          0x080001ca   Section        4  rtentry2.o(.ARM.Collect$$rtentry$$0000000A)
    .ARM.Collect$$rtentry$$0000000C          0x080001ce   Section        0  rtentry2.o(.ARM.Collect$$rtentry$$0000000C)
    .ARM.Collect$$rtentry$$0000000D          0x080001ce   Section        8  rtentry2.o(.ARM.Collect$$rtentry$$0000000D)
    .ARM.Collect$$rtexit$$00000000           0x080001d6   Section        2  rtexit.o(.ARM.Collect$$rtexit$$00000000)
    .ARM.Collect$$rtexit$$00000002           0x080001d8   Section        0  rtexit2.o(.ARM.Collect$$rtexit$$00000002)
    .ARM.Collect$$rtexit$$00000003           0x080001d8   Section        4  rtexit2.o(.ARM.Collect$$rtexit$$00000003)
    .ARM.Collect$$rtexit$$00000004           0x080001dc   Section        6  rtexit2.o(.ARM.Collect$$rtexit$$00000004)
    .text                                    0x080001e4   Section       64  startup_stm32f10x_md.o(.text)
    .text                                    0x08000224   Section        0  misc.o(.text)
    .text                                    0x08000300   Section        0  stm32f10x_adc.o(.text)
    .text                                    0x0800073c   Section        0  stm32f10x_gpio.o(.text)
    .text                                    0x08000a94   Section        0  stm32f10x_rcc.o(.text)
    .text                                    0x08000e30   Section        0  stm32f10x_spi.o(.text)
    .text                                    0x0800113c   Section        0  stm32f10x_tim.o(.text)
    TI4_Config                               0x080015e3   Thumb Code   130  stm32f10x_tim.o(.text)
    TI3_Config                               0x08001677   Thumb Code   122  stm32f10x_tim.o(.text)
    TI2_Config                               0x0800170b   Thumb Code   130  stm32f10x_tim.o(.text)
    TI1_Config                               0x0800179f   Thumb Code   108  stm32f10x_tim.o(.text)
    .text                                    0x08001f58   Section        0  stm32f10x_usart.o(.text)
    .text                                    0x08002360   Section        0  servor.o(.text)
    .text                                    0x08002554   Section        0  timer.o(.text)
    .text                                    0x08002758   Section        0  ps2.o(.text)
    .text                                    0x08002948   Section        0  led.o(.text)
    .text                                    0x080029cc   Section        0  key.o(.text)
    .text                                    0x08002a24   Section        0  spi.o(.text)
    .text                                    0x08002b04   Section        0  flash.o(.text)
    .text                                    0x08002e64   Section        0  common.o(.text)
    .text                                    0x08002f00   Section        0  oneline.o(.text)
    .text                                    0x08003624   Section        0  beep.o(.text)
    .text                                    0x08003684   Section        0  adc.o(.text)
    .text                                    0x08003740   Section        0  delay.o(.text)
    .text                                    0x08003838   Section        0  usart.o(.text)
    .text                                    0x08003d40   Section        0  main.o(.text)
    .text                                    0x080054dc   Section        0  stm32f10x_it.o(.text)
    .text                                    0x08005628   Section        0  system_stm32f10x.o(.text)
    SetSysClockTo72                          0x08005629   Thumb Code   192  system_stm32f10x.o(.text)
    SetSysClock                              0x080056e9   Thumb Code     8  system_stm32f10x.o(.text)
    .text                                    0x080057f0   Section        2  use_no_semi_2.o(.text)
    .text                                    0x080057f4   Section        0  noretval__2sprintf.o(.text)
    .text                                    0x0800581c   Section        0  __printf.o(.text)
    .text                                    0x08005888   Section        0  _printf_dec.o(.text)
    .text                                    0x08005900   Section        0  atoi.o(.text)
    .text                                    0x0800591a   Section        0  strchr.o(.text)
    .text                                    0x0800592e   Section        0  strstr.o(.text)
    .text                                    0x08005952   Section        0  strlen.o(.text)
    .text                                    0x08005990   Section        0  strncmp.o(.text)
    .text                                    0x08005a26   Section      100  rt_memcpy_w.o(.text)
    .text                                    0x08005a8a   Section       68  rt_memclr.o(.text)
    .text                                    0x08005ace   Section       78  rt_memclr_w.o(.text)
    .text                                    0x08005b1c   Section        0  heapauxi.o(.text)
    .text                                    0x08005b22   Section        2  use_no_semi.o(.text)
    .text                                    0x08005b24   Section        8  rt_errno_addr_intlibspace.o(.text)
    .text                                    0x08005b2c   Section        0  _printf_intcommon.o(.text)
    .text                                    0x08005be4   Section        0  _printf_char_common.o(.text)
    _printf_input_char                       0x08005be5   Thumb Code    10  _printf_char_common.o(.text)
    .text                                    0x08005c14   Section        0  _sputc.o(.text)
    .text                                    0x08005c1e   Section        0  strtol.o(.text)
    .text                                    0x08005c90   Section        8  libspace.o(.text)
    .text                                    0x08005c98   Section       16  rt_ctype_table.o(.text)
    .text                                    0x08005ca8   Section        0  _strtoul.o(.text)
    .text                                    0x08005d46   Section       74  sys_stackheap_outer.o(.text)
    .text                                    0x08005d90   Section        8  rt_locale_intlibspace.o(.text)
    .text                                    0x08005d98   Section        0  _chval.o(.text)
    .text                                    0x08005db4   Section        0  exit.o(.text)
    .text                                    0x08005dc0   Section      128  strcmpv7m.o(.text)
    locale$$code                             0x08005e40   Section       44  lc_ctype_c.o(locale$$code)
    x$fpl$dadd                               0x08005e6c   Section      336  daddsub_clz.o(x$fpl$dadd)
    _dadd1                                   0x08005e7d   Thumb Code     0  daddsub_clz.o(x$fpl$dadd)
    x$fpl$ddiv                               0x08005fbc   Section      688  ddiv.o(x$fpl$ddiv)
    ddiv_entry                               0x08005fc3   Thumb Code     0  ddiv.o(x$fpl$ddiv)
    x$fpl$dfix                               0x0800626c   Section       94  dfix.o(x$fpl$dfix)
    x$fpl$dfixu                              0x080062cc   Section       90  dfixu.o(x$fpl$dfixu)
    x$fpl$dflt                               0x08006326   Section       46  dflt_clz.o(x$fpl$dflt)
    x$fpl$dfltu                              0x08006354   Section       38  dflt_clz.o(x$fpl$dfltu)
    x$fpl$dmul                               0x0800637c   Section      340  dmul.o(x$fpl$dmul)
    x$fpl$dnaninf                            0x080064d0   Section      156  dnaninf.o(x$fpl$dnaninf)
    x$fpl$dretinf                            0x0800656c   Section       12  dretinf.o(x$fpl$dretinf)
    x$fpl$dsub                               0x08006578   Section      468  daddsub_clz.o(x$fpl$dsub)
    _dsub1                                   0x08006589   Thumb Code     0  daddsub_clz.o(x$fpl$dsub)
    .constdata                               0x0800674c   Section       15  main.o(.constdata)
    x$fpl$usenofp                            0x0800674c   Section        0  usenofp.o(x$fpl$usenofp)
    locale$$data                             0x0800677c   Section      272  lc_ctype_c.o(locale$$data)
    __lcctype_c_name                         0x08006780   Data           2  lc_ctype_c.o(locale$$data)
    __lcctype_c_start                        0x08006788   Data           0  lc_ctype_c.o(locale$$data)
    __lcctype_c_end                          0x0800688c   Data           0  lc_ctype_c.o(locale$$data)
    .data                                    0x20000000   Section       20  stm32f10x_rcc.o(.data)
    APBAHBPrescTable                         0x20000000   Data          16  stm32f10x_rcc.o(.data)
    ADCPrescTable                            0x20000010   Data           4  stm32f10x_rcc.o(.data)
    .data                                    0x20000014   Section        3  servor.o(.data)
    .data                                    0x20000018   Section       38  ps2.o(.data)
    temp                                     0x2000003a   Data           1  ps2.o(.data)
    .data                                    0x2000003e   Section        2  flash.o(.data)
    .data                                    0x20000040   Section        2  oneline.o(.data)
    .data                                    0x20000044   Section        8  delay.o(.data)
    TimingDelay                              0x20000048   Data           4  delay.o(.data)
    .data                                    0x2000004c   Section       20  usart.o(.data)
    i                                        0x20000050   Data           4  usart.o(.data)
    i                                        0x20000054   Data           4  usart.o(.data)
    num                                      0x20000058   Data           1  usart.o(.data)
    .data                                    0x20000060   Section      304  main.o(.data)
    count                                    0x2000016c   Data           4  main.o(.data)
    flag_how                                 0x20000170   Data           1  main.o(.data)
    flag_Tover                               0x20000171   Data           1  main.o(.data)
    .data                                    0x20000190   Section        4  stm32f10x_it.o(.data)
    .data                                    0x20000194   Section       20  system_stm32f10x.o(.data)
    .bss                                     0x200001a8   Section        9  ps2.o(.bss)
    .bss                                     0x200001b2   Section       18  spi.o(.bss)
    .bss                                     0x200001c4   Section     4096  flash.o(.bss)
    .bss                                     0x200011c8   Section      692  main.o(.bss)
    .bss                                     0x2000147c   Section       96  libspace.o(.bss)
    HEAP                                     0x200014e0   Section      512  startup_stm32f10x_md.o(HEAP)
    Heap_Mem                                 0x200014e0   Data         512  startup_stm32f10x_md.o(HEAP)
    STACK                                    0x200016e0   Section     1024  startup_stm32f10x_md.o(STACK)
    Stack_Mem                                0x200016e0   Data        1024  startup_stm32f10x_md.o(STACK)
    __initial_sp                             0x20001ae0   Data           0  startup_stm32f10x_md.o(STACK)

    Global Symbols

    Symbol Name                              Value     Ov Type        Size  Object(Section)

    BuildAttributes$$THM_ISAv4$P$D$K$B$S$PE$A:L22UL41UL21$X:L11$S22US41US21$IEEE1$IW$USESV6$~STKCKD$USESV7$~SHL$OSPACE$ROPI$EBA8$UX$STANDARDLIB$REQ8$PRES8$EABIv2 0x00000000   Number         0  anon$$obj.o ABSOLUTE
    __ARM_use_no_argv                        0x00000000   Number         0  main.o ABSOLUTE
    __ARM_exceptions_init                     - Undefined Weak Reference
    __alloca_initialize                       - Undefined Weak Reference
    __cpp_initialize__aeabi_                  - Undefined Weak Reference
    __cxa_finalize                            - Undefined Weak Reference
    __sigvec_lookup                           - Undefined Weak Reference
    _atexit_init                              - Undefined Weak Reference
    _call_atexit_fns                          - Undefined Weak Reference
    _clock_init                               - Undefined Weak Reference
    _fp_trap_init                             - Undefined Weak Reference
    _fp_trap_shutdown                         - Undefined Weak Reference
    _get_lc_collate                           - Undefined Weak Reference
    _get_lc_monetary                          - Undefined Weak Reference
    _get_lc_numeric                           - Undefined Weak Reference
    _get_lc_time                              - Undefined Weak Reference
    _getenv_init                              - Undefined Weak Reference
    _handle_redirection                       - Undefined Weak Reference
    _init_alloc                               - Undefined Weak Reference
    _init_user_alloc                          - Undefined Weak Reference
    _initio                                   - Undefined Weak Reference
    _printf_post_padding                      - Undefined Weak Reference
    _printf_pre_padding                       - Undefined Weak Reference
    _printf_truncate_signed                   - Undefined Weak Reference
    _printf_truncate_unsigned                 - Undefined Weak Reference
    _rand_init                                - Undefined Weak Reference
    _signal_finish                            - Undefined Weak Reference
    _signal_init                              - Undefined Weak Reference
    _terminate_alloc                          - Undefined Weak Reference
    _terminate_user_alloc                     - Undefined Weak Reference
    _terminateio                              - Undefined Weak Reference
    __Vectors_Size                           0x000000ec   Number         0  startup_stm32f10x_md.o ABSOLUTE
    __Vectors                                0x08000000   Data           4  startup_stm32f10x_md.o(RESET)
    __Vectors_End                            0x080000ec   Data           0  startup_stm32f10x_md.o(RESET)
    __main                                   0x080000ed   Thumb Code     8  __main.o(!!!main)
    __scatterload                            0x080000f5   Thumb Code     0  __scatter.o(!!!scatter)
    __scatterload_rt2                        0x080000f5   Thumb Code    44  __scatter.o(!!!scatter)
    __scatterload_rt2_thumb_only             0x080000f5   Thumb Code     0  __scatter.o(!!!scatter)
    __scatterload_null                       0x08000103   Thumb Code     0  __scatter.o(!!!scatter)
    __decompress                             0x08000129   Thumb Code    90  __dczerorl2.o(!!dczerorl2)
    __decompress1                            0x08000129   Thumb Code     0  __dczerorl2.o(!!dczerorl2)
    __scatterload_zeroinit                   0x08000185   Thumb Code    28  __scatter_zi.o(!!handler_zi)
    _printf_d                                0x080001a1   Thumb Code     0  _printf_d.o(.ARM.Collect$$_printf_percent$$00000009)
    _printf_percent                          0x080001a1   Thumb Code     0  _printf_percent.o(.ARM.Collect$$_printf_percent$$00000000)
    _printf_percent_end                      0x080001a7   Thumb Code     0  _printf_percent_end.o(.ARM.Collect$$_printf_percent$$00000017)
    __rt_lib_init                            0x080001ab   Thumb Code     0  libinit.o(.ARM.Collect$$libinit$$00000000)
    __rt_lib_init_fp_1                       0x080001ad   Thumb Code     0  libinit2.o(.ARM.Collect$$libinit$$00000002)
    __rt_lib_init_heap_1                     0x080001ad   Thumb Code     0  libinit2.o(.ARM.Collect$$libinit$$00000008)
    __rt_lib_init_lc_common                  0x080001ad   Thumb Code     0  libinit2.o(.ARM.Collect$$libinit$$0000000D)
    __rt_lib_init_rand_1                     0x080001ad   Thumb Code     0  libinit2.o(.ARM.Collect$$libinit$$0000000C)
    __rt_lib_init_user_alloc_1               0x080001ad   Thumb Code     0  libinit2.o(.ARM.Collect$$libinit$$0000000A)
    __rt_lib_init_lc_collate_1               0x080001b3   Thumb Code     0  libinit2.o(.ARM.Collect$$libinit$$0000000F)
    __rt_lib_init_lc_ctype_2                 0x080001b3   Thumb Code     0  libinit2.o(.ARM.Collect$$libinit$$00000010)
    __rt_lib_init_alloca_1                   0x080001bf   Thumb Code     0  libinit2.o(.ARM.Collect$$libinit$$0000002C)
    __rt_lib_init_argv_1                     0x080001bf   Thumb Code     0  libinit2.o(.ARM.Collect$$libinit$$0000002A)
    __rt_lib_init_atexit_1                   0x080001bf   Thumb Code     0  libinit2.o(.ARM.Collect$$libinit$$00000019)
    __rt_lib_init_clock_1                    0x080001bf   Thumb Code     0  libinit2.o(.ARM.Collect$$libinit$$0000001F)
    __rt_lib_init_cpp_1                      0x080001bf   Thumb Code     0  libinit2.o(.ARM.Collect$$libinit$$00000030)
    __rt_lib_init_exceptions_1               0x080001bf   Thumb Code     0  libinit2.o(.ARM.Collect$$libinit$$0000002E)
    __rt_lib_init_fp_trap_1                  0x080001bf   Thumb Code     0  libinit2.o(.ARM.Collect$$libinit$$0000001D)
    __rt_lib_init_getenv_1                   0x080001bf   Thumb Code     0  libinit2.o(.ARM.Collect$$libinit$$00000021)
    __rt_lib_init_lc_ctype_1                 0x080001bf   Thumb Code     0  libinit2.o(.ARM.Collect$$libinit$$00000011)
    __rt_lib_init_lc_monetary_1              0x080001bf   Thumb Code     0  libinit2.o(.ARM.Collect$$libinit$$00000013)
    __rt_lib_init_lc_numeric_1               0x080001bf   Thumb Code     0  libinit2.o(.ARM.Collect$$libinit$$00000015)
    __rt_lib_init_lc_time_1                  0x080001bf   Thumb Code     0  libinit2.o(.ARM.Collect$$libinit$$00000017)
    __rt_lib_init_return                     0x080001bf   Thumb Code     0  libinit2.o(.ARM.Collect$$libinit$$00000031)
    __rt_lib_init_signal_1                   0x080001bf   Thumb Code     0  libinit2.o(.ARM.Collect$$libinit$$0000001B)
    __rt_lib_init_stdio_1                    0x080001bf   Thumb Code     0  libinit2.o(.ARM.Collect$$libinit$$00000023)
    __rt_lib_shutdown                        0x080001c1   Thumb Code     0  libshutdown.o(.ARM.Collect$$libshutdown$$00000000)
    __rt_lib_shutdown_fp_trap_1              0x080001c3   Thumb Code     0  libshutdown2.o(.ARM.Collect$$libshutdown$$00000006)
    __rt_lib_shutdown_heap_1                 0x080001c3   Thumb Code     0  libshutdown2.o(.ARM.Collect$$libshutdown$$0000000E)
    __rt_lib_shutdown_return                 0x080001c3   Thumb Code     0  libshutdown2.o(.ARM.Collect$$libshutdown$$0000000F)
    __rt_lib_shutdown_signal_1               0x080001c3   Thumb Code     0  libshutdown2.o(.ARM.Collect$$libshutdown$$00000009)
    __rt_lib_shutdown_stdio_1                0x080001c3   Thumb Code     0  libshutdown2.o(.ARM.Collect$$libshutdown$$00000003)
    __rt_lib_shutdown_user_alloc_1           0x080001c3   Thumb Code     0  libshutdown2.o(.ARM.Collect$$libshutdown$$0000000B)
    __rt_entry                               0x080001c5   Thumb Code     0  rtentry.o(.ARM.Collect$$rtentry$$00000000)
    __rt_entry_presh_1                       0x080001c5   Thumb Code     0  rtentry2.o(.ARM.Collect$$rtentry$$00000002)
    __rt_entry_sh                            0x080001c5   Thumb Code     0  rtentry4.o(.ARM.Collect$$rtentry$$00000004)
    __rt_entry_li                            0x080001cb   Thumb Code     0  rtentry2.o(.ARM.Collect$$rtentry$$0000000A)
    __rt_entry_postsh_1                      0x080001cb   Thumb Code     0  rtentry2.o(.ARM.Collect$$rtentry$$00000009)
    __rt_entry_main                          0x080001cf   Thumb Code     0  rtentry2.o(.ARM.Collect$$rtentry$$0000000D)
    __rt_entry_postli_1                      0x080001cf   Thumb Code     0  rtentry2.o(.ARM.Collect$$rtentry$$0000000C)
    __rt_exit                                0x080001d7   Thumb Code     0  rtexit.o(.ARM.Collect$$rtexit$$00000000)
    __rt_exit_ls                             0x080001d9   Thumb Code     0  rtexit2.o(.ARM.Collect$$rtexit$$00000003)
    __rt_exit_prels_1                        0x080001d9   Thumb Code     0  rtexit2.o(.ARM.Collect$$rtexit$$00000002)
    __rt_exit_exit                           0x080001dd   Thumb Code     0  rtexit2.o(.ARM.Collect$$rtexit$$00000004)
    Reset_Handler                            0x080001e5   Thumb Code     8  startup_stm32f10x_md.o(.text)
    ADC1_2_IRQHandler                        0x080001ff   Thumb Code     0  startup_stm32f10x_md.o(.text)
    CAN1_RX1_IRQHandler                      0x080001ff   Thumb Code     0  startup_stm32f10x_md.o(.text)
    CAN1_SCE_IRQHandler                      0x080001ff   Thumb Code     0  startup_stm32f10x_md.o(.text)
    DMA1_Channel1_IRQHandler                 0x080001ff   Thumb Code     0  startup_stm32f10x_md.o(.text)
    DMA1_Channel2_IRQHandler                 0x080001ff   Thumb Code     0  startup_stm32f10x_md.o(.text)
    DMA1_Channel3_IRQHandler                 0x080001ff   Thumb Code     0  startup_stm32f10x_md.o(.text)
    DMA1_Channel4_IRQHandler                 0x080001ff   Thumb Code     0  startup_stm32f10x_md.o(.text)
    DMA1_Channel5_IRQHandler                 0x080001ff   Thumb Code     0  startup_stm32f10x_md.o(.text)
    DMA1_Channel6_IRQHandler                 0x080001ff   Thumb Code     0  startup_stm32f10x_md.o(.text)
    DMA1_Channel7_IRQHandler                 0x080001ff   Thumb Code     0  startup_stm32f10x_md.o(.text)
    EXTI0_IRQHandler                         0x080001ff   Thumb Code     0  startup_stm32f10x_md.o(.text)
    EXTI15_10_IRQHandler                     0x080001ff   Thumb Code     0  startup_stm32f10x_md.o(.text)
    EXTI1_IRQHandler                         0x080001ff   Thumb Code     0  startup_stm32f10x_md.o(.text)
    EXTI2_IRQHandler                         0x080001ff   Thumb Code     0  startup_stm32f10x_md.o(.text)
    EXTI3_IRQHandler                         0x080001ff   Thumb Code     0  startup_stm32f10x_md.o(.text)
    EXTI4_IRQHandler                         0x080001ff   Thumb Code     0  startup_stm32f10x_md.o(.text)
    EXTI9_5_IRQHandler                       0x080001ff   Thumb Code     0  startup_stm32f10x_md.o(.text)
    FLASH_IRQHandler                         0x080001ff   Thumb Code     0  startup_stm32f10x_md.o(.text)
    I2C1_ER_IRQHandler                       0x080001ff   Thumb Code     0  startup_stm32f10x_md.o(.text)
    I2C1_EV_IRQHandler                       0x080001ff   Thumb Code     0  startup_stm32f10x_md.o(.text)
    I2C2_ER_IRQHandler                       0x080001ff   Thumb Code     0  startup_stm32f10x_md.o(.text)
    I2C2_EV_IRQHandler                       0x080001ff   Thumb Code     0  startup_stm32f10x_md.o(.text)
    PVD_IRQHandler                           0x080001ff   Thumb Code     0  startup_stm32f10x_md.o(.text)
    RCC_IRQHandler                           0x080001ff   Thumb Code     0  startup_stm32f10x_md.o(.text)
    RTCAlarm_IRQHandler                      0x080001ff   Thumb Code     0  startup_stm32f10x_md.o(.text)
    RTC_IRQHandler                           0x080001ff   Thumb Code     0  startup_stm32f10x_md.o(.text)
    SPI1_IRQHandler                          0x080001ff   Thumb Code     0  startup_stm32f10x_md.o(.text)
    SPI2_IRQHandler                          0x080001ff   Thumb Code     0  startup_stm32f10x_md.o(.text)
    TAMPER_IRQHandler                        0x080001ff   Thumb Code     0  startup_stm32f10x_md.o(.text)
    TIM1_BRK_IRQHandler                      0x080001ff   Thumb Code     0  startup_stm32f10x_md.o(.text)
    TIM1_CC_IRQHandler                       0x080001ff   Thumb Code     0  startup_stm32f10x_md.o(.text)
    TIM1_TRG_COM_IRQHandler                  0x080001ff   Thumb Code     0  startup_stm32f10x_md.o(.text)
    TIM1_UP_IRQHandler                       0x080001ff   Thumb Code     0  startup_stm32f10x_md.o(.text)
    USBWakeUp_IRQHandler                     0x080001ff   Thumb Code     0  startup_stm32f10x_md.o(.text)
    USB_HP_CAN1_TX_IRQHandler                0x080001ff   Thumb Code     0  startup_stm32f10x_md.o(.text)
    USB_LP_CAN1_RX0_IRQHandler               0x080001ff   Thumb Code     0  startup_stm32f10x_md.o(.text)
    WWDG_IRQHandler                          0x080001ff   Thumb Code     0  startup_stm32f10x_md.o(.text)
    __user_initial_stackheap                 0x08000201   Thumb Code     0  startup_stm32f10x_md.o(.text)
    NVIC_PriorityGroupConfig                 0x08000225   Thumb Code    10  misc.o(.text)
    NVIC_Init                                0x0800022f   Thumb Code   102  misc.o(.text)
    NVIC_SetVectorTable                      0x08000295   Thumb Code    14  misc.o(.text)
    NVIC_SystemLPConfig                      0x080002a3   Thumb Code    34  misc.o(.text)
    SysTick_CLKSourceConfig                  0x080002c5   Thumb Code    40  misc.o(.text)
    ADC_DeInit                               0x08000301   Thumb Code    78  stm32f10x_adc.o(.text)
    ADC_Init                                 0x0800034f   Thumb Code    70  stm32f10x_adc.o(.text)
    ADC_StructInit                           0x08000395   Thumb Code    18  stm32f10x_adc.o(.text)
    ADC_Cmd                                  0x080003a7   Thumb Code    22  stm32f10x_adc.o(.text)
    ADC_DMACmd                               0x080003bd   Thumb Code    22  stm32f10x_adc.o(.text)
    ADC_ITConfig                             0x080003d3   Thumb Code    24  stm32f10x_adc.o(.text)
    ADC_ResetCalibration                     0x080003eb   Thumb Code    10  stm32f10x_adc.o(.text)
    ADC_GetResetCalibrationStatus            0x080003f5   Thumb Code    20  stm32f10x_adc.o(.text)
    ADC_StartCalibration                     0x08000409   Thumb Code    10  stm32f10x_adc.o(.text)
    ADC_GetCalibrationStatus                 0x08000413   Thumb Code    20  stm32f10x_adc.o(.text)
    ADC_SoftwareStartConvCmd                 0x08000427   Thumb Code    22  stm32f10x_adc.o(.text)
    ADC_GetSoftwareStartConvStatus           0x0800043d   Thumb Code    20  stm32f10x_adc.o(.text)
    ADC_DiscModeChannelCountConfig           0x08000451   Thumb Code    24  stm32f10x_adc.o(.text)
    ADC_DiscModeCmd                          0x08000469   Thumb Code    22  stm32f10x_adc.o(.text)
    ADC_RegularChannelConfig                 0x0800047f   Thumb Code   184  stm32f10x_adc.o(.text)
    ADC_ExternalTrigConvCmd                  0x08000537   Thumb Code    22  stm32f10x_adc.o(.text)
    ADC_GetConversionValue                   0x0800054d   Thumb Code     8  stm32f10x_adc.o(.text)
    ADC_GetDualModeConversionValue           0x08000555   Thumb Code     8  stm32f10x_adc.o(.text)
    ADC_AutoInjectedConvCmd                  0x0800055d   Thumb Code    22  stm32f10x_adc.o(.text)
    ADC_InjectedDiscModeCmd                  0x08000573   Thumb Code    22  stm32f10x_adc.o(.text)
    ADC_ExternalTrigInjectedConvConfig       0x08000589   Thumb Code    16  stm32f10x_adc.o(.text)
    ADC_ExternalTrigInjectedConvCmd          0x08000599   Thumb Code    22  stm32f10x_adc.o(.text)
    ADC_SoftwareStartInjectedConvCmd         0x080005af   Thumb Code    22  stm32f10x_adc.o(.text)
    ADC_GetSoftwareStartInjectedConvCmdStatus 0x080005c5   Thumb Code    20  stm32f10x_adc.o(.text)
    ADC_InjectedChannelConfig                0x080005d9   Thumb Code   130  stm32f10x_adc.o(.text)
    ADC_InjectedSequencerLengthConfig        0x0800065b   Thumb Code    24  stm32f10x_adc.o(.text)
    ADC_SetInjectedOffset                    0x08000673   Thumb Code    12  stm32f10x_adc.o(.text)
    ADC_GetInjectedConversionValue           0x0800067f   Thumb Code    18  stm32f10x_adc.o(.text)
    ADC_AnalogWatchdogCmd                    0x08000691   Thumb Code    16  stm32f10x_adc.o(.text)
    ADC_AnalogWatchdogThresholdsConfig       0x080006a1   Thumb Code     6  stm32f10x_adc.o(.text)
    ADC_AnalogWatchdogSingleChannelConfig    0x080006a7   Thumb Code    16  stm32f10x_adc.o(.text)
    ADC_TempSensorVrefintCmd                 0x080006b7   Thumb Code    38  stm32f10x_adc.o(.text)
    ADC_GetFlagStatus                        0x080006dd   Thumb Code    44  stm32f10x_adc.o(.text)
    ADC_ClearFlag                            0x08000709   Thumb Code     6  stm32f10x_adc.o(.text)
    ADC_GetITStatus                          0x0800070f   Thumb Code    36  stm32f10x_adc.o(.text)
    ADC_ClearITPendingBit                    0x08000733   Thumb Code    10  stm32f10x_adc.o(.text)
    GPIO_DeInit                              0x0800073d   Thumb Code   172  stm32f10x_gpio.o(.text)
    GPIO_AFIODeInit                          0x080007e9   Thumb Code    20  stm32f10x_gpio.o(.text)
    GPIO_Init                                0x080007fd   Thumb Code   274  stm32f10x_gpio.o(.text)
    GPIO_StructInit                          0x0800090f   Thumb Code    16  stm32f10x_gpio.o(.text)
    GPIO_ReadInputDataBit                    0x0800091f   Thumb Code    18  stm32f10x_gpio.o(.text)
    GPIO_ReadInputData                       0x08000931   Thumb Code     8  stm32f10x_gpio.o(.text)
    GPIO_ReadOutputDataBit                   0x08000939   Thumb Code    18  stm32f10x_gpio.o(.text)
    GPIO_ReadOutputData                      0x0800094b   Thumb Code     8  stm32f10x_gpio.o(.text)
    GPIO_SetBits                             0x08000953   Thumb Code     4  stm32f10x_gpio.o(.text)
    GPIO_ResetBits                           0x08000957   Thumb Code     4  stm32f10x_gpio.o(.text)
    GPIO_WriteBit                            0x0800095b   Thumb Code    10  stm32f10x_gpio.o(.text)
    GPIO_Write                               0x08000965   Thumb Code     4  stm32f10x_gpio.o(.text)
    GPIO_PinLockConfig                       0x08000969   Thumb Code    18  stm32f10x_gpio.o(.text)
    GPIO_EventOutputConfig                   0x0800097b   Thumb Code    26  stm32f10x_gpio.o(.text)
    GPIO_EventOutputCmd                      0x08000995   Thumb Code     6  stm32f10x_gpio.o(.text)
    GPIO_PinRemapConfig                      0x0800099b   Thumb Code   138  stm32f10x_gpio.o(.text)
    GPIO_EXTILineConfig                      0x08000a25   Thumb Code    66  stm32f10x_gpio.o(.text)
    GPIO_ETH_MediaInterfaceConfig            0x08000a67   Thumb Code     6  stm32f10x_gpio.o(.text)
    RCC_DeInit                               0x08000a95   Thumb Code    64  stm32f10x_rcc.o(.text)
    RCC_HSEConfig                            0x08000ad5   Thumb Code    70  stm32f10x_rcc.o(.text)
    RCC_GetFlagStatus                        0x08000b1b   Thumb Code    56  stm32f10x_rcc.o(.text)
    RCC_WaitForHSEStartUp                    0x08000b53   Thumb Code    48  stm32f10x_rcc.o(.text)
    RCC_AdjustHSICalibrationValue            0x08000b83   Thumb Code    20  stm32f10x_rcc.o(.text)
    RCC_HSICmd                               0x08000b97   Thumb Code     6  stm32f10x_rcc.o(.text)
    RCC_PLLConfig                            0x08000b9d   Thumb Code    24  stm32f10x_rcc.o(.text)
    RCC_PLLCmd                               0x08000bb5   Thumb Code     6  stm32f10x_rcc.o(.text)
    RCC_SYSCLKConfig                         0x08000bbb   Thumb Code    18  stm32f10x_rcc.o(.text)
    RCC_GetSYSCLKSource                      0x08000bcd   Thumb Code    10  stm32f10x_rcc.o(.text)
    RCC_HCLKConfig                           0x08000bd7   Thumb Code    18  stm32f10x_rcc.o(.text)
    RCC_PCLK1Config                          0x08000be9   Thumb Code    18  stm32f10x_rcc.o(.text)
    RCC_PCLK2Config                          0x08000bfb   Thumb Code    20  stm32f10x_rcc.o(.text)
    RCC_ITConfig                             0x08000c0f   Thumb Code    26  stm32f10x_rcc.o(.text)
    RCC_USBCLKConfig                         0x08000c29   Thumb Code     6  stm32f10x_rcc.o(.text)
    RCC_ADCCLKConfig                         0x08000c2f   Thumb Code    18  stm32f10x_rcc.o(.text)
    RCC_LSEConfig                            0x08000c41   Thumb Code    44  stm32f10x_rcc.o(.text)
    RCC_LSICmd                               0x08000c6d   Thumb Code     6  stm32f10x_rcc.o(.text)
    RCC_RTCCLKConfig                         0x08000c73   Thumb Code    12  stm32f10x_rcc.o(.text)
    RCC_RTCCLKCmd                            0x08000c7f   Thumb Code     8  stm32f10x_rcc.o(.text)
    RCC_GetClocksFreq                        0x08000c87   Thumb Code   192  stm32f10x_rcc.o(.text)
    RCC_AHBPeriphClockCmd                    0x08000d47   Thumb Code    26  stm32f10x_rcc.o(.text)
    RCC_APB2PeriphClockCmd                   0x08000d61   Thumb Code    26  stm32f10x_rcc.o(.text)
    RCC_APB1PeriphClockCmd                   0x08000d7b   Thumb Code    26  stm32f10x_rcc.o(.text)
    RCC_APB2PeriphResetCmd                   0x08000d95   Thumb Code    26  stm32f10x_rcc.o(.text)
    RCC_APB1PeriphResetCmd                   0x08000daf   Thumb Code    26  stm32f10x_rcc.o(.text)
    RCC_BackupResetCmd                       0x08000dc9   Thumb Code     8  stm32f10x_rcc.o(.text)
    RCC_ClockSecuritySystemCmd               0x08000dd1   Thumb Code     6  stm32f10x_rcc.o(.text)
    RCC_MCOConfig                            0x08000dd7   Thumb Code     6  stm32f10x_rcc.o(.text)
    RCC_ClearFlag                            0x08000ddd   Thumb Code    14  stm32f10x_rcc.o(.text)
    RCC_GetITStatus                          0x08000deb   Thumb Code    20  stm32f10x_rcc.o(.text)
    RCC_ClearITPendingBit                    0x08000dff   Thumb Code     6  stm32f10x_rcc.o(.text)
    SPI_I2S_DeInit                           0x08000e31   Thumb Code    76  stm32f10x_spi.o(.text)
    SPI_Init                                 0x08000e7d   Thumb Code    60  stm32f10x_spi.o(.text)
    I2S_Init                                 0x08000eb9   Thumb Code   226  stm32f10x_spi.o(.text)
    SPI_StructInit                           0x08000f9b   Thumb Code    24  stm32f10x_spi.o(.text)
    I2S_StructInit                           0x08000fb3   Thumb Code    20  stm32f10x_spi.o(.text)
    SPI_Cmd                                  0x08000fc7   Thumb Code    24  stm32f10x_spi.o(.text)
    I2S_Cmd                                  0x08000fdf   Thumb Code    24  stm32f10x_spi.o(.text)
    SPI_I2S_ITConfig                         0x08000ff7   Thumb Code    32  stm32f10x_spi.o(.text)
    SPI_I2S_DMACmd                           0x08001017   Thumb Code    18  stm32f10x_spi.o(.text)
    SPI_I2S_SendData                         0x08001029   Thumb Code     4  stm32f10x_spi.o(.text)
    SPI_I2S_ReceiveData                      0x0800102d   Thumb Code     6  stm32f10x_spi.o(.text)
    SPI_NSSInternalSoftwareConfig            0x08001033   Thumb Code    30  stm32f10x_spi.o(.text)
    SPI_SSOutputCmd                          0x08001051   Thumb Code    24  stm32f10x_spi.o(.text)
    SPI_DataSizeConfig                       0x08001069   Thumb Code    18  stm32f10x_spi.o(.text)
    SPI_TransmitCRC                          0x0800107b   Thumb Code    10  stm32f10x_spi.o(.text)
    SPI_CalculateCRC                         0x08001085   Thumb Code    24  stm32f10x_spi.o(.text)
    SPI_GetCRC                               0x0800109d   Thumb Code    16  stm32f10x_spi.o(.text)
    SPI_GetCRCPolynomial                     0x080010ad   Thumb Code     6  stm32f10x_spi.o(.text)
    SPI_BiDirectionalLineConfig              0x080010b3   Thumb Code    28  stm32f10x_spi.o(.text)
    SPI_I2S_GetFlagStatus                    0x080010cf   Thumb Code    18  stm32f10x_spi.o(.text)
    SPI_I2S_ClearFlag                        0x080010e1   Thumb Code     6  stm32f10x_spi.o(.text)
    SPI_I2S_GetITStatus                      0x080010e7   Thumb Code    52  stm32f10x_spi.o(.text)
    SPI_I2S_ClearITPendingBit                0x0800111b   Thumb Code    20  stm32f10x_spi.o(.text)
    TIM_DeInit                               0x0800113d   Thumb Code   424  stm32f10x_tim.o(.text)
    TIM_TimeBaseInit                         0x080012e5   Thumb Code   122  stm32f10x_tim.o(.text)
    TIM_OC1Init                              0x0800135f   Thumb Code   132  stm32f10x_tim.o(.text)
    TIM_OC2Init                              0x080013e3   Thumb Code   154  stm32f10x_tim.o(.text)
    TIM_OC3Init                              0x0800147d   Thumb Code   150  stm32f10x_tim.o(.text)
    TIM_OC4Init                              0x08001513   Thumb Code   182  stm32f10x_tim.o(.text)
    TIM_SetIC4Prescaler                      0x080015c9   Thumb Code    26  stm32f10x_tim.o(.text)
    TIM_SetIC3Prescaler                      0x08001665   Thumb Code    18  stm32f10x_tim.o(.text)
    TIM_SetIC2Prescaler                      0x080016f1   Thumb Code    26  stm32f10x_tim.o(.text)
    TIM_SetIC1Prescaler                      0x0800178d   Thumb Code    18  stm32f10x_tim.o(.text)
    TIM_ICInit                               0x0800180b   Thumb Code   150  stm32f10x_tim.o(.text)
    TIM_PWMIConfig                           0x080018a1   Thumb Code   124  stm32f10x_tim.o(.text)
    TIM_BDTRConfig                           0x0800191d   Thumb Code    32  stm32f10x_tim.o(.text)
    TIM_TimeBaseStructInit                   0x0800193d   Thumb Code    18  stm32f10x_tim.o(.text)
    TIM_OCStructInit                         0x0800194f   Thumb Code    20  stm32f10x_tim.o(.text)
    TIM_ICStructInit                         0x08001963   Thumb Code    18  stm32f10x_tim.o(.text)
    TIM_BDTRStructInit                       0x08001975   Thumb Code    40  stm32f10x_tim.o(.text)
    TIM_Cmd                                  0x0800199d   Thumb Code    24  stm32f10x_tim.o(.text)
    TIM_CtrlPWMOutputs                       0x080019b5   Thumb Code    30  stm32f10x_tim.o(.text)
    TIM_ITConfig                             0x080019d3   Thumb Code    18  stm32f10x_tim.o(.text)
    TIM_GenerateEvent                        0x080019e5   Thumb Code     4  stm32f10x_tim.o(.text)
    TIM_DMAConfig                            0x080019e9   Thumb Code    10  stm32f10x_tim.o(.text)
    TIM_DMACmd                               0x080019f3   Thumb Code    18  stm32f10x_tim.o(.text)
    TIM_InternalClockConfig                  0x08001a05   Thumb Code    12  stm32f10x_tim.o(.text)
    TIM_SelectInputTrigger                   0x08001a11   Thumb Code    18  stm32f10x_tim.o(.text)
    TIM_ITRxExternalClockConfig              0x08001a23   Thumb Code    24  stm32f10x_tim.o(.text)
    TIM_TIxExternalClockConfig               0x08001a3b   Thumb Code    62  stm32f10x_tim.o(.text)
    TIM_ETRConfig                            0x08001a79   Thumb Code    28  stm32f10x_tim.o(.text)
    TIM_ETRClockMode1Config                  0x08001a95   Thumb Code    54  stm32f10x_tim.o(.text)
    TIM_ETRClockMode2Config                  0x08001acb   Thumb Code    32  stm32f10x_tim.o(.text)
    TIM_PrescalerConfig                      0x08001aeb   Thumb Code     6  stm32f10x_tim.o(.text)
    TIM_CounterModeConfig                    0x08001af1   Thumb Code    18  stm32f10x_tim.o(.text)
    TIM_EncoderInterfaceConfig               0x08001b03   Thumb Code    66  stm32f10x_tim.o(.text)
    TIM_ForcedOC1Config                      0x08001b45   Thumb Code    18  stm32f10x_tim.o(.text)
    TIM_ForcedOC2Config                      0x08001b57   Thumb Code    26  stm32f10x_tim.o(.text)
    TIM_ForcedOC3Config                      0x08001b71   Thumb Code    18  stm32f10x_tim.o(.text)
    TIM_ForcedOC4Config                      0x08001b83   Thumb Code    26  stm32f10x_tim.o(.text)
    TIM_ARRPreloadConfig                     0x08001b9d   Thumb Code    24  stm32f10x_tim.o(.text)
    TIM_SelectCOM                            0x08001bb5   Thumb Code    24  stm32f10x_tim.o(.text)
    TIM_SelectCCDMA                          0x08001bcd   Thumb Code    24  stm32f10x_tim.o(.text)
    TIM_CCPreloadControl                     0x08001be5   Thumb Code    24  stm32f10x_tim.o(.text)
    TIM_OC1PreloadConfig                     0x08001bfd   Thumb Code    18  stm32f10x_tim.o(.text)
    TIM_OC2PreloadConfig                     0x08001c0f   Thumb Code    26  stm32f10x_tim.o(.text)
    TIM_OC3PreloadConfig                     0x08001c29   Thumb Code    18  stm32f10x_tim.o(.text)
    TIM_OC4PreloadConfig                     0x08001c3b   Thumb Code    26  stm32f10x_tim.o(.text)
    TIM_OC1FastConfig                        0x08001c55   Thumb Code    18  stm32f10x_tim.o(.text)
    TIM_OC2FastConfig                        0x08001c67   Thumb Code    26  stm32f10x_tim.o(.text)
    TIM_OC3FastConfig                        0x08001c81   Thumb Code    18  stm32f10x_tim.o(.text)
    TIM_OC4FastConfig                        0x08001c93   Thumb Code    26  stm32f10x_tim.o(.text)
    TIM_ClearOC1Ref                          0x08001cad   Thumb Code    18  stm32f10x_tim.o(.text)
    TIM_ClearOC2Ref                          0x08001cbf   Thumb Code    24  stm32f10x_tim.o(.text)
    TIM_ClearOC3Ref                          0x08001cd7   Thumb Code    18  stm32f10x_tim.o(.text)
    TIM_ClearOC4Ref                          0x08001ce9   Thumb Code    24  stm32f10x_tim.o(.text)
    TIM_OC1PolarityConfig                    0x08001d01   Thumb Code    18  stm32f10x_tim.o(.text)
    TIM_OC1NPolarityConfig                   0x08001d13   Thumb Code    18  stm32f10x_tim.o(.text)
    TIM_OC2PolarityConfig                    0x08001d25   Thumb Code    26  stm32f10x_tim.o(.text)
    TIM_OC2NPolarityConfig                   0x08001d3f   Thumb Code    26  stm32f10x_tim.o(.text)
    TIM_OC3PolarityConfig                    0x08001d59   Thumb Code    26  stm32f10x_tim.o(.text)
    TIM_OC3NPolarityConfig                   0x08001d73   Thumb Code    26  stm32f10x_tim.o(.text)
    TIM_OC4PolarityConfig                    0x08001d8d   Thumb Code    26  stm32f10x_tim.o(.text)
    TIM_CCxCmd                               0x08001da7   Thumb Code    30  stm32f10x_tim.o(.text)
    TIM_CCxNCmd                              0x08001dc5   Thumb Code    30  stm32f10x_tim.o(.text)
    TIM_SelectOCxM                           0x08001de3   Thumb Code    82  stm32f10x_tim.o(.text)
    TIM_UpdateDisableConfig                  0x08001e35   Thumb Code    24  stm32f10x_tim.o(.text)
    TIM_UpdateRequestConfig                  0x08001e4d   Thumb Code    24  stm32f10x_tim.o(.text)
    TIM_SelectHallSensor                     0x08001e65   Thumb Code    24  stm32f10x_tim.o(.text)
    TIM_SelectOnePulseMode                   0x08001e7d   Thumb Code    18  stm32f10x_tim.o(.text)
    TIM_SelectOutputTrigger                  0x08001e8f   Thumb Code    18  stm32f10x_tim.o(.text)
    TIM_SelectSlaveMode                      0x08001ea1   Thumb Code    18  stm32f10x_tim.o(.text)
    TIM_SelectMasterSlaveMode                0x08001eb3   Thumb Code    18  stm32f10x_tim.o(.text)
    TIM_SetCounter                           0x08001ec5   Thumb Code     4  stm32f10x_tim.o(.text)
    TIM_SetAutoreload                        0x08001ec9   Thumb Code     4  stm32f10x_tim.o(.text)
    TIM_SetCompare1                          0x08001ecd   Thumb Code     4  stm32f10x_tim.o(.text)
    TIM_SetCompare2                          0x08001ed1   Thumb Code     4  stm32f10x_tim.o(.text)
    TIM_SetCompare3                          0x08001ed5   Thumb Code     4  stm32f10x_tim.o(.text)
    TIM_SetCompare4                          0x08001ed9   Thumb Code     6  stm32f10x_tim.o(.text)
    TIM_SetClockDivision                     0x08001edf   Thumb Code    18  stm32f10x_tim.o(.text)
    TIM_GetCapture1                          0x08001ef1   Thumb Code     6  stm32f10x_tim.o(.text)
    TIM_GetCapture2                          0x08001ef7   Thumb Code     6  stm32f10x_tim.o(.text)
    TIM_GetCapture3                          0x08001efd   Thumb Code     6  stm32f10x_tim.o(.text)
    TIM_GetCapture4                          0x08001f03   Thumb Code     8  stm32f10x_tim.o(.text)
    TIM_GetCounter                           0x08001f0b   Thumb Code     6  stm32f10x_tim.o(.text)
    TIM_GetPrescaler                         0x08001f11   Thumb Code     6  stm32f10x_tim.o(.text)
    TIM_GetFlagStatus                        0x08001f17   Thumb Code    18  stm32f10x_tim.o(.text)
    TIM_ClearFlag                            0x08001f29   Thumb Code     6  stm32f10x_tim.o(.text)
    TIM_GetITStatus                          0x08001f2f   Thumb Code    34  stm32f10x_tim.o(.text)
    TIM_ClearITPendingBit                    0x08001f51   Thumb Code     6  stm32f10x_tim.o(.text)
    USART_DeInit                             0x08001f59   Thumb Code   134  stm32f10x_usart.o(.text)
    USART_Init                               0x08001fdf   Thumb Code   210  stm32f10x_usart.o(.text)
    USART_StructInit                         0x080020b1   Thumb Code    24  stm32f10x_usart.o(.text)
    USART_ClockInit                          0x080020c9   Thumb Code    34  stm32f10x_usart.o(.text)
    USART_ClockStructInit                    0x080020eb   Thumb Code    12  stm32f10x_usart.o(.text)
    USART_Cmd                                0x080020f7   Thumb Code    24  stm32f10x_usart.o(.text)
    USART_ITConfig                           0x0800210f   Thumb Code    74  stm32f10x_usart.o(.text)
    USART_DMACmd                             0x08002159   Thumb Code    18  stm32f10x_usart.o(.text)
    USART_SetAddress                         0x0800216b   Thumb Code    18  stm32f10x_usart.o(.text)
    USART_WakeUpConfig                       0x0800217d   Thumb Code    18  stm32f10x_usart.o(.text)
    USART_ReceiverWakeUpCmd                  0x0800218f   Thumb Code    24  stm32f10x_usart.o(.text)
    USART_LINBreakDetectLengthConfig         0x080021a7   Thumb Code    18  stm32f10x_usart.o(.text)
    USART_LINCmd                             0x080021b9   Thumb Code    24  stm32f10x_usart.o(.text)
    USART_SendData                           0x080021d1   Thumb Code     8  stm32f10x_usart.o(.text)
    USART_ReceiveData                        0x080021d9   Thumb Code    10  stm32f10x_usart.o(.text)
    USART_SendBreak                          0x080021e3   Thumb Code    10  stm32f10x_usart.o(.text)
    USART_SetGuardTime                       0x080021ed   Thumb Code    16  stm32f10x_usart.o(.text)
    USART_SetPrescaler                       0x080021fd   Thumb Code    16  stm32f10x_usart.o(.text)
    USART_SmartCardCmd                       0x0800220d   Thumb Code    24  stm32f10x_usart.o(.text)
    USART_SmartCardNACKCmd                   0x08002225   Thumb Code    24  stm32f10x_usart.o(.text)
    USART_HalfDuplexCmd                      0x0800223d   Thumb Code    24  stm32f10x_usart.o(.text)
    USART_OverSampling8Cmd                   0x08002255   Thumb Code    22  stm32f10x_usart.o(.text)
    USART_OneBitMethodCmd                    0x0800226b   Thumb Code    24  stm32f10x_usart.o(.text)
    USART_IrDAConfig                         0x08002283   Thumb Code    18  stm32f10x_usart.o(.text)
    USART_IrDACmd                            0x08002295   Thumb Code    24  stm32f10x_usart.o(.text)
    USART_GetFlagStatus                      0x080022ad   Thumb Code    26  stm32f10x_usart.o(.text)
    USART_ClearFlag                          0x080022c7   Thumb Code    18  stm32f10x_usart.o(.text)
    USART_GetITStatus                        0x080022d9   Thumb Code    84  stm32f10x_usart.o(.text)
    USART_ClearITPendingBit                  0x0800232d   Thumb Code    52  stm32f10x_usart.o(.text)
    Servor_GPIO_Config                       0x08002361   Thumb Code    92  servor.o(.text)
    Flip_GPIO_One                            0x080023bd   Thumb Code   366  servor.o(.text)
    Servo1                                   0x0800252b   Thumb Code    18  servor.o(.text)
    TIM2_NVIC_Configuration                  0x08002555   Thumb Code    40  timer.o(.text)
    TIM3_NVIC_Configuration                  0x0800257d   Thumb Code    40  timer.o(.text)
    TIM4_NVIC_Configuration                  0x080025a5   Thumb Code    42  timer.o(.text)
    TIM2_Configuration                       0x080025cf   Thumb Code    86  timer.o(.text)
    TIM3_Configuration                       0x08002625   Thumb Code    78  timer.o(.text)
    TIM4_Configuration                       0x08002673   Thumb Code    80  timer.o(.text)
    TIM5_Configuration                       0x080026c3   Thumb Code    76  timer.o(.text)
    Timer_Init                               0x0800270f   Thumb Code    20  timer.o(.text)
    Timer_ON                                 0x08002723   Thumb Code    20  timer.o(.text)
    Timer_OFF                                0x08002737   Thumb Code    22  timer.o(.text)
    PS2_Init                                 0x08002759   Thumb Code    62  ps2.o(.text)
    PS2_Cmd                                  0x08002797   Thumb Code   104  ps2.o(.text)
    PS2_RedLight                             0x080027ff   Thumb Code    48  ps2.o(.text)
    PS2_ReadData                             0x0800282f   Thumb Code   120  ps2.o(.text)
    PS2_ClearData                            0x080028a7   Thumb Code    20  ps2.o(.text)
    PS2_DataKey                              0x080028bb   Thumb Code    94  ps2.o(.text)
    PS2_AnologData                           0x08002919   Thumb Code     8  ps2.o(.text)
    LED_Init                                 0x08002949   Thumb Code    50  led.o(.text)
    Led_Test                                 0x0800297b   Thumb Code    76  led.o(.text)
    KEY_Init                                 0x080029cd   Thumb Code    32  key.o(.text)
    KEY_Scan                                 0x080029ed   Thumb Code    50  key.o(.text)
    SPI1_ReadWriteByte                       0x08002a25   Thumb Code    78  spi.o(.text)
    SPI1_Init                                0x08002a73   Thumb Code   108  spi.o(.text)
    SPI1_SetSpeed                            0x08002adf   Thumb Code    26  spi.o(.text)
    SpiFlashReadID                           0x08002b05   Thumb Code    66  flash.o(.text)
    SpiFlashInit                             0x08002b47   Thumb Code    68  flash.o(.text)
    SpiFlashReadSR                           0x08002b8b   Thumb Code    38  flash.o(.text)
    SpiFlashWriteSR                          0x08002bb1   Thumb Code    34  flash.o(.text)
    SpiFlashWriteEnable                      0x08002bd3   Thumb Code    26  flash.o(.text)
    SpiFlashWriteDisable                     0x08002bed   Thumb Code    26  flash.o(.text)
    SpiFlashRead                             0x08002c07   Thumb Code    76  flash.o(.text)
    SpiFlashWaitBusy                         0x08002c53   Thumb Code    16  flash.o(.text)
    SpiFlashWritePage                        0x08002c63   Thumb Code    82  flash.o(.text)
    SpiFlashWriteNoCheck                     0x08002cb5   Thumb Code    70  flash.o(.text)
    SpiFlashEraseSector                      0x08002cfb   Thumb Code    64  flash.o(.text)
    SpiFlashWrite                            0x08002d3b   Thumb Code   176  flash.o(.text)
    SpiFlashEraseChip                        0x08002deb   Thumb Code    38  flash.o(.text)
    SpiFlashPowerDown                        0x08002e11   Thumb Code    32  flash.o(.text)
    SpiFlashWAKEUP                           0x08002e31   Thumb Code    32  flash.o(.text)
    ASC_To_Valu                              0x08002e65   Thumb Code    68  common.o(.text)
    u32tostr                                 0x08002ea9   Thumb Code    86  common.o(.text)
    RecStr_to_pos                            0x08002f01   Thumb Code   210  oneline.o(.text)
    RrcStr_to_pwm                            0x08002fd3   Thumb Code    22  oneline.o(.text)
    Parse_String_Cmd                         0x08002fe9   Thumb Code  1182  oneline.o(.text)
    OneLine                                  0x08003487   Thumb Code   332  oneline.o(.text)
    Beep_Init                                0x08003625   Thumb Code    50  beep.o(.text)
    Beep_Test                                0x08003657   Thumb Code    40  beep.o(.text)
    Adc_Init                                 0x08003685   Thumb Code   132  adc.o(.text)
    Get_Adc                                  0x08003709   Thumb Code    46  adc.o(.text)
    SysTick_Init                             0x08003741   Thumb Code   106  delay.o(.text)
    Delay_us                                 0x080037ab   Thumb Code    48  delay.o(.text)
    Delay_ms                                 0x080037db   Thumb Code    54  delay.o(.text)
    TimingDelay_Decrement                    0x08003811   Thumb Code    18  delay.o(.text)
    _sys_exit                                0x08003839   Thumb Code     6  usart.o(.text)
    fputc                                    0x0800383f   Thumb Code    22  usart.o(.text)
    Uart1_NVIC_Init                          0x08003855   Thumb Code    42  usart.o(.text)
    Uart2_NVIC_Init                          0x0800387f   Thumb Code    38  usart.o(.text)
    Uart3_NVIC_Init                          0x080038a5   Thumb Code    42  usart.o(.text)
    Uart1_Gpio_Config                        0x080038cf   Thumb Code    64  usart.o(.text)
    Uart2_Gpio_Config                        0x0800390f   Thumb Code    66  usart.o(.text)
    Uart3_Gpio_Config                        0x08003951   Thumb Code    70  usart.o(.text)
    Uart_Init                                0x08003997   Thumb Code    46  usart.o(.text)
    USART_Config                             0x080039c5   Thumb Code    62  usart.o(.text)
    USART3_Config                            0x08003a03   Thumb Code    60  usart.o(.text)
    uart_init                                0x08003a3f   Thumb Code   162  usart.o(.text)
    UART_PutChar                             0x08003ae1   Thumb Code    30  usart.o(.text)
    UART_PutStr                              0x08003aff   Thumb Code    34  usart.o(.text)
    UART_Put_Num                             0x08003b21   Thumb Code    34  usart.o(.text)
    UART_Put_Inf                             0x08003b43   Thumb Code    30  usart.o(.text)
    USART1_IRQHandler                        0x08003b61   Thumb Code   146  usart.o(.text)
    USART2_IRQHandler                        0x08003bf3   Thumb Code   164  usart.o(.text)
    USART3_IRQHandler                        0x08003c97   Thumb Code   124  usart.o(.text)
    DealRec                                  0x08003d13   Thumb Code    10  usart.o(.text)
    Check_key                                0x08003d41   Thumb Code    62  main.o(.text)
    scan_ps2                                 0x08003d7f   Thumb Code  1566  main.o(.text)
    ReadMoterInfor                           0x0800439d   Thumb Code    52  main.o(.text)
    WriteMoterInfor                          0x080043d1   Thumb Code    82  main.o(.text)
    updata_file_list                         0x08004423   Thumb Code    62  main.o(.text)
    ReadOneCmdInfor                          0x08004461   Thumb Code    90  main.o(.text)
    WriteOneCmdInfor                         0x080044bb   Thumb Code    98  main.o(.text)
    SendUartState                            0x0800451d   Thumb Code  1856  main.o(.text)
    GetOneMotorCMD                           0x08004c5d   Thumb Code   556  main.o(.text)
    change                                   0x08004e89   Thumb Code   622  main.o(.text)
    vpwm                                     0x080050f7   Thumb Code   296  main.o(.text)
    InitMotor                                0x0800521f   Thumb Code    24  main.o(.text)
    main                                     0x08005237   Thumb Code   168  main.o(.text)
    Check_Power                              0x080052df   Thumb Code   192  main.o(.text)
    Flash_Test                               0x0800539f   Thumb Code   258  main.o(.text)
    NMI_Handler                              0x080054dd   Thumb Code     2  stm32f10x_it.o(.text)
    HardFault_Handler                        0x080054df   Thumb Code     4  stm32f10x_it.o(.text)
    MemManage_Handler                        0x080054e3   Thumb Code     4  stm32f10x_it.o(.text)
    BusFault_Handler                         0x080054e7   Thumb Code     4  stm32f10x_it.o(.text)
    UsageFault_Handler                       0x080054eb   Thumb Code     4  stm32f10x_it.o(.text)
    SVC_Handler                              0x080054ef   Thumb Code     2  stm32f10x_it.o(.text)
    DebugMon_Handler                         0x080054f1   Thumb Code     2  stm32f10x_it.o(.text)
    PendSV_Handler                           0x080054f3   Thumb Code     2  stm32f10x_it.o(.text)
    SysTick_Handler                          0x080054f5   Thumb Code     8  stm32f10x_it.o(.text)
    TIM2_IRQHandler                          0x080054fd   Thumb Code    34  stm32f10x_it.o(.text)
    TIM3_IRQHandler                          0x0800551f   Thumb Code    30  stm32f10x_it.o(.text)
    TIM4_IRQHandler                          0x0800553d   Thumb Code   152  stm32f10x_it.o(.text)
    TIM5_IRQHandler                          0x080055d5   Thumb Code    30  stm32f10x_it.o(.text)
    SystemInit                               0x080056f1   Thumb Code    78  system_stm32f10x.o(.text)
    SystemCoreClockUpdate                    0x0800573f   Thumb Code   142  system_stm32f10x.o(.text)
    __use_no_semihosting                     0x080057f1   Thumb Code     2  use_no_semi_2.o(.text)
    __2sprintf                               0x080057f5   Thumb Code    34  noretval__2sprintf.o(.text)
    __printf                                 0x0800581d   Thumb Code   106  __printf.o(.text)
    _printf_int_dec                          0x08005889   Thumb Code   102  _printf_dec.o(.text)
    atoi                                     0x08005901   Thumb Code    26  atoi.o(.text)
    strchr                                   0x0800591b   Thumb Code    20  strchr.o(.text)
    strstr                                   0x0800592f   Thumb Code    36  strstr.o(.text)
    strlen                                   0x08005953   Thumb Code    62  strlen.o(.text)
    strncmp                                  0x08005991   Thumb Code   150  strncmp.o(.text)
    __aeabi_memcpy4                          0x08005a27   Thumb Code     0  rt_memcpy_w.o(.text)
    __aeabi_memcpy8                          0x08005a27   Thumb Code     0  rt_memcpy_w.o(.text)
    __rt_memcpy_w                            0x08005a27   Thumb Code   100  rt_memcpy_w.o(.text)
    _memcpy_lastbytes_aligned                0x08005a6f   Thumb Code     0  rt_memcpy_w.o(.text)
    __aeabi_memclr                           0x08005a8b   Thumb Code     0  rt_memclr.o(.text)
    __rt_memclr                              0x08005a8b   Thumb Code    68  rt_memclr.o(.text)
    _memset                                  0x08005a8f   Thumb Code     0  rt_memclr.o(.text)
    __aeabi_memclr4                          0x08005acf   Thumb Code     0  rt_memclr_w.o(.text)
    __aeabi_memclr8                          0x08005acf   Thumb Code     0  rt_memclr_w.o(.text)
    __rt_memclr_w                            0x08005acf   Thumb Code    78  rt_memclr_w.o(.text)
    _memset_w                                0x08005ad3   Thumb Code     0  rt_memclr_w.o(.text)
    __use_two_region_memory                  0x08005b1d   Thumb Code     2  heapauxi.o(.text)
    __rt_heap_escrow$2region                 0x08005b1f   Thumb Code     2  heapauxi.o(.text)
    __rt_heap_expand$2region                 0x08005b21   Thumb Code     2  heapauxi.o(.text)
    __I$use$semihosting                      0x08005b23   Thumb Code     0  use_no_semi.o(.text)
    __use_no_semihosting_swi                 0x08005b23   Thumb Code     2  use_no_semi.o(.text)
    __aeabi_errno_addr                       0x08005b25   Thumb Code     8  rt_errno_addr_intlibspace.o(.text)
    __errno$intlibspace                      0x08005b25   Thumb Code     0  rt_errno_addr_intlibspace.o(.text)
    __rt_errno_addr$intlibspace              0x08005b25   Thumb Code     0  rt_errno_addr_intlibspace.o(.text)
    _printf_int_common                       0x08005b2d   Thumb Code   184  _printf_intcommon.o(.text)
    _printf_char_common                      0x08005bef   Thumb Code    32  _printf_char_common.o(.text)
    _sputc                                   0x08005c15   Thumb Code    10  _sputc.o(.text)
    strtol                                   0x08005c1f   Thumb Code   112  strtol.o(.text)
    __user_libspace                          0x08005c91   Thumb Code     8  libspace.o(.text)
    __user_perproc_libspace                  0x08005c91   Thumb Code     0  libspace.o(.text)
    __user_perthread_libspace                0x08005c91   Thumb Code     0  libspace.o(.text)
    __rt_ctype_table                         0x08005c99   Thumb Code    16  rt_ctype_table.o(.text)
    _strtoul                                 0x08005ca9   Thumb Code   158  _strtoul.o(.text)
    __user_setup_stackheap                   0x08005d47   Thumb Code    74  sys_stackheap_outer.o(.text)
    __rt_locale                              0x08005d91   Thumb Code     8  rt_locale_intlibspace.o(.text)
    _chval                                   0x08005d99   Thumb Code    28  _chval.o(.text)
    exit                                     0x08005db5   Thumb Code    12  exit.o(.text)
    strcmp                                   0x08005dc1   Thumb Code   128  strcmpv7m.o(.text)
    _get_lc_ctype                            0x08005e41   Thumb Code    44  lc_ctype_c.o(locale$$code)
    __aeabi_dadd                             0x08005e6d   Thumb Code     0  daddsub_clz.o(x$fpl$dadd)
    _dadd                                    0x08005e6d   Thumb Code   332  daddsub_clz.o(x$fpl$dadd)
    __aeabi_ddiv                             0x08005fbd   Thumb Code     0  ddiv.o(x$fpl$ddiv)
    _ddiv                                    0x08005fbd   Thumb Code   552  ddiv.o(x$fpl$ddiv)
    __aeabi_d2iz                             0x0800626d   Thumb Code     0  dfix.o(x$fpl$dfix)
    _dfix                                    0x0800626d   Thumb Code    94  dfix.o(x$fpl$dfix)
    __aeabi_d2uiz                            0x080062cd   Thumb Code     0  dfixu.o(x$fpl$dfixu)
    _dfixu                                   0x080062cd   Thumb Code    90  dfixu.o(x$fpl$dfixu)
    __aeabi_i2d                              0x08006327   Thumb Code     0  dflt_clz.o(x$fpl$dflt)
    _dflt                                    0x08006327   Thumb Code    46  dflt_clz.o(x$fpl$dflt)
    __aeabi_ui2d                             0x08006355   Thumb Code     0  dflt_clz.o(x$fpl$dfltu)
    _dfltu                                   0x08006355   Thumb Code    38  dflt_clz.o(x$fpl$dfltu)
    __aeabi_dmul                             0x0800637d   Thumb Code     0  dmul.o(x$fpl$dmul)
    _dmul                                    0x0800637d   Thumb Code   332  dmul.o(x$fpl$dmul)
    __fpl_dnaninf                            0x080064d1   Thumb Code   156  dnaninf.o(x$fpl$dnaninf)
    __fpl_dretinf                            0x0800656d   Thumb Code    12  dretinf.o(x$fpl$dretinf)
    __aeabi_dsub                             0x08006579   Thumb Code     0  daddsub_clz.o(x$fpl$dsub)
    _dsub                                    0x08006579   Thumb Code   464  daddsub_clz.o(x$fpl$dsub)
    TEXT_Buffer                              0x0800674c   Data          15  main.o(.constdata)
    __I$use$fp                               0x0800674c   Number         0  usenofp.o(x$fpl$usenofp)
    Region$$Table$$Base                      0x0800675c   Number         0  anon$$obj.o(Region$$Table)
    Region$$Table$$Limit                     0x0800677c   Number         0  anon$$obj.o(Region$$Table)
    __ctype                                  0x08006789   Data           0  lc_ctype_c.o(locale$$data)
    count1                                   0x20000014   Data           1  servor.o(.data)
    count2                                   0x20000015   Data           1  servor.o(.data)
    count3                                   0x20000016   Data           1  servor.o(.data)
    Comd                                     0x20000018   Data           2  ps2.o(.data)
    MASK                                     0x2000001a   Data          32  ps2.o(.data)
    Handkey                                  0x2000003c   Data           2  ps2.o(.data)
    SPI_FLASH_TYPE                           0x2000003e   Data           2  flash.o(.data)
    flag_mp3                                 0x20000040   Data           1  oneline.o(.data)
    pwm_num                                  0x20000041   Data           1  oneline.o(.data)
    a                                        0x20000044   Data           4  delay.o(.data)
    flag_RecFul                              0x2000004c   Data           1  usart.o(.data)
    __stdout                                 0x2000005c   Data           4  usart.o(.data)
    key_buf                                  0x20000060   Data           8  main.o(.data)
    pos                                      0x20000068   Data         126  main.o(.data)
    CPWM                                     0x200000e6   Data          18  main.o(.data)
    UartRec                                  0x200000f8   Data          18  main.o(.data)
    dj1                                      0x2000010c   Data           4  main.o(.data)
    dj2                                      0x20000110   Data           4  main.o(.data)
    dj3                                      0x20000114   Data           4  main.o(.data)
    dj4                                      0x20000118   Data           4  main.o(.data)
    dj5                                      0x2000011c   Data           4  main.o(.data)
    dj6                                      0x20000120   Data           4  main.o(.data)
    line                                     0x20000124   Data           1  main.o(.data)
    point_now                                0x20000125   Data           1  main.o(.data)
    point_aim                                0x20000126   Data           1  main.o(.data)
    point_in                                 0x20000127   Data           1  main.o(.data)
    flag_connect                             0x20000128   Data           1  main.o(.data)
    flag_stop                                0x20000129   Data           1  main.o(.data)
    flag_vpwm                                0x2000012a   Data           1  main.o(.data)
    flag_in                                  0x2000012b   Data           1  main.o(.data)
    flag_out                                 0x2000012c   Data           1  main.o(.data)
    flag_run_ready                           0x2000012d   Data           1  main.o(.data)
    n                                        0x2000012e   Data           2  main.o(.data)
    m                                        0x20000130   Data           2  main.o(.data)
    flag_download                            0x20000132   Data           1  main.o(.data)
    flag_All_download                        0x20000133   Data           1  main.o(.data)
    flag_All_Stop_Down                       0x20000134   Data           1  main.o(.data)
    flag_read                                0x20000135   Data           1  main.o(.data)
    flag_connect_run                         0x20000136   Data           1  main.o(.data)
    flag_stop_download                       0x20000137   Data           1  main.o(.data)
    flag_online_run                          0x20000138   Data           1  main.o(.data)
    flag_uart2_rev                           0x20000139   Data           1  main.o(.data)
    flag_uart2_rev_time_out                  0x2000013a   Data           1  main.o(.data)
    flag_ps2_rev                             0x2000013b   Data           1  main.o(.data)
    send_mode                                0x2000013c   Data           4  main.o(.data)
    tuoji_count                              0x20000140   Data           2  main.o(.data)
    flag_scan_ps2                            0x20000142   Data           1  main.o(.data)
    flag_adc                                 0x20000143   Data           1  main.o(.data)
    flag_key                                 0x20000144   Data           1  main.o(.data)
    vol                                      0x20000148   Data           4  main.o(.data)
    voltemp                                  0x2000014c   Data           4  main.o(.data)
    volall                                   0x20000150   Data           4  main.o(.data)
    volcount                                 0x20000154   Data           4  main.o(.data)
    error                                    0x20000158   Data           1  main.o(.data)
    file_list_count                          0x2000015c   Data           4  main.o(.data)
    file_last_num                            0x20000160   Data           4  main.o(.data)
    cur_count                                0x20000164   Data           2  main.o(.data)
    adc_value                                0x20000166   Data           2  main.o(.data)
    ps2_mode                                 0x20000168   Data           1  main.o(.data)
    All_down_num                             0x20000169   Data           1  main.o(.data)
    Flag_Flash                               0x2000016a   Data           1  main.o(.data)
    FLASH_SIZE                               0x20000174   Data           4  main.o(.data)
    date                                     0x20000178   Data           3  main.o(.data)
    value                                    0x2000017c   Data           4  main.o(.data)
    key                                      0x20000180   Data           4  main.o(.data)
    key_bak                                  0x20000184   Data           4  main.o(.data)
    dp                                       0x20000188   Data           8  main.o(.data)
    time                                     0x20000190   Data           1  stm32f10x_it.o(.data)
    led_time                                 0x20000191   Data           1  stm32f10x_it.o(.data)
    Flash_time                               0x20000192   Data           1  stm32f10x_it.o(.data)
    i                                        0x20000193   Data           1  stm32f10x_it.o(.data)
    SystemCoreClock                          0x20000194   Data           4  system_stm32f10x.o(.data)
    AHBPrescTable                            0x20000198   Data          16  system_stm32f10x.o(.data)
    Data                                     0x200001a8   Data           9  ps2.o(.bss)
    SPI_InitStructure                        0x200001b2   Data          18  spi.o(.bss)
    SPI_FLASH_BUF                            0x200001c4   Data        4096  flash.o(.bss)
    dp0                                      0x200011c8   Data          72  main.o(.bss)
    redata                                   0x20001210   Data         257  main.o(.bss)
    file_list                                0x20001311   Data          32  main.o(.bss)
    ps2_buf                                  0x20001331   Data         120  main.o(.bss)
    uart2_buf                                0x200013a9   Data          50  main.o(.bss)
    datatemp                                 0x200013db   Data          15  main.o(.bss)
    buf                                      0x200013ea   Data          30  main.o(.bss)
    motor_data                               0x20001408   Data          48  main.o(.bss)
    motor_one_cmd                            0x20001438   Data          52  main.o(.bss)
    cur_item                                 0x2000146c   Data          16  main.o(.bss)
    __libspace_start                         0x2000147c   Data          96  libspace.o(.bss)
    __temporary_stack_top$libspace           0x200014dc   Data           0  libspace.o(.bss)



==============================================================================

Memory Map of the image

  Image Entry point : 0x080000ed

  Load Region LR_IROM1 (Base: 0x08000000, Size: 0x00006a34, Max: 0x00010000, ABSOLUTE, COMPRESSED[0x00006908])

    Execution Region ER_IROM1 (Base: 0x08000000, Size: 0x0000688c, Max: 0x00010000, ABSOLUTE)

    Base Addr    Size         Type   Attr      Idx    E Section Name        Object

    0x08000000   0x000000ec   Data   RO           19    RESET               startup_stm32f10x_md.o
    0x080000ec   0x00000008   Code   RO          832  * !!!main             c_w.l(__main.o)
    0x080000f4   0x00000034   Code   RO         1089    !!!scatter          c_w.l(__scatter.o)
    0x08000128   0x0000005a   Code   RO         1087    !!dczerorl2         c_w.l(__dczerorl2.o)
    0x08000182   0x00000002   PAD
    0x08000184   0x0000001c   Code   RO         1091    !!handler_zi        c_w.l(__scatter_zi.o)
    0x080001a0   0x00000000   Code   RO          813    .ARM.Collect$$_printf_percent$$00000000  c_w.l(_printf_percent.o)
    0x080001a0   0x00000006   Code   RO          812    .ARM.Collect$$_printf_percent$$00000009  c_w.l(_printf_d.o)
    0x080001a6   0x00000004   Code   RO          874    .ARM.Collect$$_printf_percent$$00000017  c_w.l(_printf_percent_end.o)
    0x080001aa   0x00000002   Code   RO          937    .ARM.Collect$$libinit$$00000000  c_w.l(libinit.o)
    0x080001ac   0x00000000   Code   RO          969    .ARM.Collect$$libinit$$00000002  c_w.l(libinit2.o)
    0x080001ac   0x00000000   Code   RO          972    .ARM.Collect$$libinit$$00000008  c_w.l(libinit2.o)
    0x080001ac   0x00000000   Code   RO          974    .ARM.Collect$$libinit$$0000000A  c_w.l(libinit2.o)
    0x080001ac   0x00000000   Code   RO          976    .ARM.Collect$$libinit$$0000000C  c_w.l(libinit2.o)
    0x080001ac   0x00000006   Code   RO          977    .ARM.Collect$$libinit$$0000000D  c_w.l(libinit2.o)
    0x080001b2   0x00000000   Code   RO          979    .ARM.Collect$$libinit$$0000000F  c_w.l(libinit2.o)
    0x080001b2   0x0000000c   Code   RO          980    .ARM.Collect$$libinit$$00000010  c_w.l(libinit2.o)
    0x080001be   0x00000000   Code   RO          981    .ARM.Collect$$libinit$$00000011  c_w.l(libinit2.o)
    0x080001be   0x00000000   Code   RO          983    .ARM.Collect$$libinit$$00000013  c_w.l(libinit2.o)
    0x080001be   0x00000000   Code   RO          985    .ARM.Collect$$libinit$$00000015  c_w.l(libinit2.o)
    0x080001be   0x00000000   Code   RO          987    .ARM.Collect$$libinit$$00000017  c_w.l(libinit2.o)
    0x080001be   0x00000000   Code   RO          989    .ARM.Collect$$libinit$$00000019  c_w.l(libinit2.o)
    0x080001be   0x00000000   Code   RO          991    .ARM.Collect$$libinit$$0000001B  c_w.l(libinit2.o)
    0x080001be   0x00000000   Code   RO          993    .ARM.Collect$$libinit$$0000001D  c_w.l(libinit2.o)
    0x080001be   0x00000000   Code   RO          995    .ARM.Collect$$libinit$$0000001F  c_w.l(libinit2.o)
    0x080001be   0x00000000   Code   RO          997    .ARM.Collect$$libinit$$00000021  c_w.l(libinit2.o)
    0x080001be   0x00000000   Code   RO          999    .ARM.Collect$$libinit$$00000023  c_w.l(libinit2.o)
    0x080001be   0x00000000   Code   RO         1003    .ARM.Collect$$libinit$$0000002A  c_w.l(libinit2.o)
    0x080001be   0x00000000   Code   RO         1005    .ARM.Collect$$libinit$$0000002C  c_w.l(libinit2.o)
    0x080001be   0x00000000   Code   RO         1007    .ARM.Collect$$libinit$$0000002E  c_w.l(libinit2.o)
    0x080001be   0x00000000   Code   RO         1009    .ARM.Collect$$libinit$$00000030  c_w.l(libinit2.o)
    0x080001be   0x00000002   Code   RO         1010    .ARM.Collect$$libinit$$00000031  c_w.l(libinit2.o)
    0x080001c0   0x00000002   Code   RO         1030    .ARM.Collect$$libshutdown$$00000000  c_w.l(libshutdown.o)
    0x080001c2   0x00000000   Code   RO         1041    .ARM.Collect$$libshutdown$$00000003  c_w.l(libshutdown2.o)
    0x080001c2   0x00000000   Code   RO         1044    .ARM.Collect$$libshutdown$$00000006  c_w.l(libshutdown2.o)
    0x080001c2   0x00000000   Code   RO         1047    .ARM.Collect$$libshutdown$$00000009  c_w.l(libshutdown2.o)
    0x080001c2   0x00000000   Code   RO         1049    .ARM.Collect$$libshutdown$$0000000B  c_w.l(libshutdown2.o)
    0x080001c2   0x00000000   Code   RO         1052    .ARM.Collect$$libshutdown$$0000000E  c_w.l(libshutdown2.o)
    0x080001c2   0x00000002   Code   RO         1053    .ARM.Collect$$libshutdown$$0000000F  c_w.l(libshutdown2.o)
    0x080001c4   0x00000000   Code   RO          862    .ARM.Collect$$rtentry$$00000000  c_w.l(rtentry.o)
    0x080001c4   0x00000000   Code   RO          886    .ARM.Collect$$rtentry$$00000002  c_w.l(rtentry2.o)
    0x080001c4   0x00000006   Code   RO          898    .ARM.Collect$$rtentry$$00000004  c_w.l(rtentry4.o)
    0x080001ca   0x00000000   Code   RO          888    .ARM.Collect$$rtentry$$00000009  c_w.l(rtentry2.o)
    0x080001ca   0x00000004   Code   RO          889    .ARM.Collect$$rtentry$$0000000A  c_w.l(rtentry2.o)
    0x080001ce   0x00000000   Code   RO          891    .ARM.Collect$$rtentry$$0000000C  c_w.l(rtentry2.o)
    0x080001ce   0x00000008   Code   RO          892    .ARM.Collect$$rtentry$$0000000D  c_w.l(rtentry2.o)
    0x080001d6   0x00000002   Code   RO          938    .ARM.Collect$$rtexit$$00000000  c_w.l(rtexit.o)
    0x080001d8   0x00000000   Code   RO         1012    .ARM.Collect$$rtexit$$00000002  c_w.l(rtexit2.o)
    0x080001d8   0x00000004   Code   RO         1013    .ARM.Collect$$rtexit$$00000003  c_w.l(rtexit2.o)
    0x080001dc   0x00000006   Code   RO         1014    .ARM.Collect$$rtexit$$00000004  c_w.l(rtexit2.o)
    0x080001e2   0x00000002   PAD
    0x080001e4   0x00000040   Code   RO           20    .text               startup_stm32f10x_md.o
    0x08000224   0x000000dc   Code   RO           24    .text               misc.o
    0x08000300   0x0000043c   Code   RO           74    .text               stm32f10x_adc.o
    0x0800073c   0x00000358   Code   RO          233    .text               stm32f10x_gpio.o
    0x08000a94   0x0000039c   Code   RO          290    .text               stm32f10x_rcc.o
    0x08000e30   0x0000030c   Code   RO          334    .text               stm32f10x_spi.o
    0x0800113c   0x00000e1a   Code   RO          346    .text               stm32f10x_tim.o
    0x08001f56   0x00000002   PAD
    0x08001f58   0x00000408   Code   RO          358    .text               stm32f10x_usart.o
    0x08002360   0x000001f4   Code   RO          385    .text               servor.o
    0x08002554   0x00000204   Code   RO          422    .text               timer.o
    0x08002758   0x000001f0   Code   RO          437    .text               ps2.o
    0x08002948   0x00000084   Code   RO          456    .text               led.o
    0x080029cc   0x00000058   Code   RO          471    .text               key.o
    0x08002a24   0x000000e0   Code   RO          486    .text               spi.o
    0x08002b04   0x00000360   Code   RO          504    .text               flash.o
    0x08002e64   0x0000009a   Code   RO          526    .text               common.o
    0x08002efe   0x00000002   PAD
    0x08002f00   0x00000724   Code   RO          541    .text               oneline.o
    0x08003624   0x00000060   Code   RO          570    .text               beep.o
    0x08003684   0x000000bc   Code   RO          585    .text               adc.o
    0x08003740   0x000000f8   Code   RO          600    .text               delay.o
    0x08003838   0x00000508   Code   RO          641    .text               usart.o
    0x08003d40   0x0000179c   Code   RO          671    .text               main.o
    0x080054dc   0x0000014c   Code   RO          746    .text               stm32f10x_it.o
    0x08005628   0x000001c8   Code   RO          762    .text               system_stm32f10x.o
    0x080057f0   0x00000002   Code   RO          782    .text               c_w.l(use_no_semi_2.o)
    0x080057f2   0x00000002   PAD
    0x080057f4   0x00000028   Code   RO          786    .text               c_w.l(noretval__2sprintf.o)
    0x0800581c   0x0000006a   Code   RO          788    .text               c_w.l(__printf.o)
    0x08005886   0x00000002   PAD
    0x08005888   0x00000078   Code   RO          790    .text               c_w.l(_printf_dec.o)
    0x08005900   0x0000001a   Code   RO          814    .text               c_w.l(atoi.o)
    0x0800591a   0x00000014   Code   RO          816    .text               c_w.l(strchr.o)
    0x0800592e   0x00000024   Code   RO          818    .text               c_w.l(strstr.o)
    0x08005952   0x0000003e   Code   RO          820    .text               c_w.l(strlen.o)
    0x08005990   0x00000096   Code   RO          822    .text               c_w.l(strncmp.o)
    0x08005a26   0x00000064   Code   RO          824    .text               c_w.l(rt_memcpy_w.o)
    0x08005a8a   0x00000044   Code   RO          826    .text               c_w.l(rt_memclr.o)
    0x08005ace   0x0000004e   Code   RO          828    .text               c_w.l(rt_memclr_w.o)
    0x08005b1c   0x00000006   Code   RO          830    .text               c_w.l(heapauxi.o)
    0x08005b22   0x00000002   Code   RO          860    .text               c_w.l(use_no_semi.o)
    0x08005b24   0x00000008   Code   RO          866    .text               c_w.l(rt_errno_addr_intlibspace.o)
    0x08005b2c   0x000000b8   Code   RO          868    .text               c_w.l(_printf_intcommon.o)
    0x08005be4   0x00000030   Code   RO          870    .text               c_w.l(_printf_char_common.o)
    0x08005c14   0x0000000a   Code   RO          872    .text               c_w.l(_sputc.o)
    0x08005c1e   0x00000070   Code   RO          875    .text               c_w.l(strtol.o)
    0x08005c8e   0x00000002   PAD
    0x08005c90   0x00000008   Code   RO          882    .text               c_w.l(libspace.o)
    0x08005c98   0x00000010   Code   RO          900    .text               c_w.l(rt_ctype_table.o)
    0x08005ca8   0x0000009e   Code   RO          904    .text               c_w.l(_strtoul.o)
    0x08005d46   0x0000004a   Code   RO          906    .text               c_w.l(sys_stackheap_outer.o)
    0x08005d90   0x00000008   Code   RO          911    .text               c_w.l(rt_locale_intlibspace.o)
    0x08005d98   0x0000001c   Code   RO          913    .text               c_w.l(_chval.o)
    0x08005db4   0x0000000c   Code   RO          930    .text               c_w.l(exit.o)
    0x08005dc0   0x00000080   Code   RO          966    .text               c_w.l(strcmpv7m.o)
    0x08005e40   0x0000002c   Code   RO          925    locale$$code        c_w.l(lc_ctype_c.o)
    0x08005e6c   0x00000150   Code   RO          834    x$fpl$dadd          fz_ws.l(daddsub_clz.o)
    0x08005fbc   0x000002b0   Code   RO          841    x$fpl$ddiv          fz_ws.l(ddiv.o)
    0x0800626c   0x0000005e   Code   RO          844    x$fpl$dfix          fz_ws.l(dfix.o)
    0x080062ca   0x00000002   PAD
    0x080062cc   0x0000005a   Code   RO          848    x$fpl$dfixu         fz_ws.l(dfixu.o)
    0x08006326   0x0000002e   Code   RO          853    x$fpl$dflt          fz_ws.l(dflt_clz.o)
    0x08006354   0x00000026   Code   RO          852    x$fpl$dfltu         fz_ws.l(dflt_clz.o)
    0x0800637a   0x00000002   PAD
    0x0800637c   0x00000154   Code   RO          858    x$fpl$dmul          fz_ws.l(dmul.o)
    0x080064d0   0x0000009c   Code   RO          877    x$fpl$dnaninf       fz_ws.l(dnaninf.o)
    0x0800656c   0x0000000c   Code   RO          879    x$fpl$dretinf       fz_ws.l(dretinf.o)
    0x08006578   0x000001d4   Code   RO          836    x$fpl$dsub          fz_ws.l(daddsub_clz.o)
    0x0800674c   0x00000000   Code   RO          881    x$fpl$usenofp       fz_ws.l(usenofp.o)
    0x0800674c   0x0000000f   Data   RO          673    .constdata          main.o
    0x0800675b   0x00000001   PAD
    0x0800675c   0x00000020   Data   RO         1085    Region$$Table       anon$$obj.o
    0x0800677c   0x00000110   Data   RO          924    locale$$data        c_w.l(lc_ctype_c.o)


    Execution Region RW_IRAM1 (Base: 0x20000000, Size: 0x00001ae0, Max: 0x00005000, ABSOLUTE, COMPRESSED[0x0000007c])

    Base Addr    Size         Type   Attr      Idx    E Section Name        Object

    0x20000000   0x00000014   Data   RW          291    .data               stm32f10x_rcc.o
    0x20000014   0x00000003   Data   RW          387    .data               servor.o
    0x20000017   0x00000001   PAD
    0x20000018   0x00000026   Data   RW          439    .data               ps2.o
    0x2000003e   0x00000002   Data   RW          506    .data               flash.o
    0x20000040   0x00000002   Data   RW          542    .data               oneline.o
    0x20000042   0x00000002   PAD
    0x20000044   0x00000008   Data   RW          601    .data               delay.o
    0x2000004c   0x00000014   Data   RW          642    .data               usart.o
    0x20000060   0x00000130   Data   RW          674    .data               main.o
    0x20000190   0x00000004   Data   RW          747    .data               stm32f10x_it.o
    0x20000194   0x00000014   Data   RW          763    .data               system_stm32f10x.o
    0x200001a8   0x00000009   Zero   RW          438    .bss                ps2.o
    0x200001b1   0x00000001   PAD
    0x200001b2   0x00000012   Zero   RW          487    .bss                spi.o
    0x200001c4   0x00001000   Zero   RW          505    .bss                flash.o
    0x200011c4   0x00000004   PAD
    0x200011c8   0x000002b4   Zero   RW          672    .bss                main.o
    0x2000147c   0x00000060   Zero   RW          883    .bss                c_w.l(libspace.o)
    0x200014dc   0x00000004   PAD
    0x200014e0   0x00000200   Zero   RW           18    HEAP                startup_stm32f10x_md.o
    0x200016e0   0x00000400   Zero   RW           17    STACK               startup_stm32f10x_md.o


==============================================================================

Image component sizes


      Code (inc. data)   RO Data    RW Data    ZI Data      Debug   Object Name

       188         10          0          0          0        859   adc.o
        96          6          0          0          0        698   beep.o
       154         10          0          0          0       1003   common.o
         0          0          0          0          0       4244   core_cm3.o
       248         22          0          8          0      17074   delay.o
       864         20          0          2       4096       4483   flash.o
        88          6          0          0          0        736   key.o
       132          6          0          0          0        712   led.o
      6044        974         15        304        692     211318   main.o
       220         20          0          0          0     265229   misc.o
      1828        312          0          2          0       2878   oneline.o
       496         40          0         38          9       2755   ps2.o
       500         42          0          3          0       3246   servor.o
       224         12          0          0         18       1425   spi.o
        64         26        236          0       1536        764   startup_stm32f10x_md.o
      1084         26          0          0          0      10909   stm32f10x_adc.o
       856         40          0          0          0       5745   stm32f10x_gpio.o
       332         54          0          4          0       2375   stm32f10x_it.o
       924         44          0         20          0       8980   stm32f10x_rcc.o
       780         14          0          0          0       6626   stm32f10x_spi.o
      3610         88          0          0          0      22228   stm32f10x_tim.o
      1032         22          0          0          0       8472   stm32f10x_usart.o
       456         36          0         20          0       2019   system_stm32f10x.o
       516         12          0          0          0       2148   timer.o
      1288         88          0         20          0       7039   usart.o

    ----------------------------------------------------------------------
     22028       1930        284        424       6356     593965   Object Totals
         0          0         32          0          0          0   (incl. Generated)
         4          0          1          3          5          0   (incl. Padding)

    ----------------------------------------------------------------------

      Code (inc. data)   RO Data    RW Data    ZI Data      Debug   Library Member Name

        90          0          0          0          0          0   __dczerorl2.o
         8          0          0          0          0         68   __main.o
       106          0          0          0          0         84   __printf.o
        52          8          0          0          0          0   __scatter.o
        28          0          0          0          0          0   __scatter_zi.o
        28          0          0          0          0         68   _chval.o
        48          6          0          0          0         96   _printf_char_common.o
         6          0          0          0          0          0   _printf_d.o
       120         18          0          0          0         92   _printf_dec.o
       184          0          0          0          0         88   _printf_intcommon.o
         0          0          0          0          0          0   _printf_percent.o
         4          0          0          0          0          0   _printf_percent_end.o
        10          0          0          0          0         68   _sputc.o
       158          0          0          0          0         92   _strtoul.o
        26          0          0          0          0         80   atoi.o
        12          0          0          0          0         72   exit.o
         6          0          0          0          0        152   heapauxi.o
        44         10        272          0          0         76   lc_ctype_c.o
         2          0          0          0          0          0   libinit.o
        20          0          0          0          0          0   libinit2.o
         2          0          0          0          0          0   libshutdown.o
         2          0          0          0          0          0   libshutdown2.o
         8          4          0          0         96         68   libspace.o
        40          6          0          0          0         84   noretval__2sprintf.o
        16          4          0          0          0         76   rt_ctype_table.o
         8          4          0          0          0         68   rt_errno_addr_intlibspace.o
         8          4          0          0          0         68   rt_locale_intlibspace.o
        68          0          0          0          0         68   rt_memclr.o
        78          0          0          0          0         80   rt_memclr_w.o
       100          0          0          0          0         80   rt_memcpy_w.o
         0          0          0          0          0          0   rtentry.o
        12          0          0          0          0          0   rtentry2.o
         6          0          0          0          0          0   rtentry4.o
         2          0          0          0          0          0   rtexit.o
        10          0          0          0          0          0   rtexit2.o
        20          0          0          0          0         68   strchr.o
       128          0          0          0          0         68   strcmpv7m.o
        62          0          0          0          0         76   strlen.o
       150          0          0          0          0         80   strncmp.o
        36          0          0          0          0         80   strstr.o
       112          0          0          0          0         88   strtol.o
        74          0          0          0          0         80   sys_stackheap_outer.o
         2          0          0          0          0         68   use_no_semi.o
         2          0          0          0          0         68   use_no_semi_2.o
       804         16          0          0          0        280   daddsub_clz.o
       688        140          0          0          0        212   ddiv.o
        94          4          0          0          0         92   dfix.o
        90          4          0          0          0         92   dfixu.o
        84          0          0          0          0        136   dflt_clz.o
       340         12          0          0          0        104   dmul.o
       156          4          0          0          0         92   dnaninf.o
        12          0          0          0          0         68   dretinf.o
         0          0          0          0          0          0   usenofp.o

    ----------------------------------------------------------------------
      4180        244        272          0        100       3380   Library Totals
        14          0          0          0          4          0   (incl. Padding)

    ----------------------------------------------------------------------

      Code (inc. data)   RO Data    RW Data    ZI Data      Debug   Library Name

      1898         64        272          0         96       2304   c_w.l
      2268        180          0          0          0       1076   fz_ws.l

    ----------------------------------------------------------------------
      4180        244        272          0        100       3380   Library Totals

    ----------------------------------------------------------------------

==============================================================================


      Code (inc. data)   RO Data    RW Data    ZI Data      Debug   

     26208       2174        556        424       6456     593237   Grand Totals
     26208       2174        556        124       6456     593237   ELF Image Totals (compressed)
     26208       2174        556        124          0          0   ROM Totals

==============================================================================

    Total RO  Size (Code + RO Data)                26764 (  26.14kB)
    Total RW  Size (RW Data + ZI Data)              6880 (   6.72kB)
    Total ROM Size (Code + RO Data + RW Data)      26888 (  26.26kB)

==============================================================================

